=== chain _attn_union (dumps=35986531) start 2026-07-31T19:30:14-07:00 ===
dumps drained: 12/12 pred_profiles.npz
--- enumerate ---
  job 35986617
  candidates: 12/12
--- calibrate CDS-anchored pred_frame0 threshold ---
population          n_canon  thresh*  CDSrec  novel@th*   novel@0.5   ratio
---------------------------------------------------------------------------
BMDM                 15,908     0.72   0.902     14,043      68,993    0.20
Kupffer              17,497     0.70   0.940     18,868      78,215    0.24
LargeIntestinal      16,810     0.72   0.909     10,690      63,691    0.17
LiverRecruited       18,954     0.72   0.930     16,738      83,492    0.20
LungRecruited        18,782     0.72   0.920     16,317      83,472    0.20
LungResident         17,306     0.72   0.920     13,816      72,306    0.19
Microglia            15,610     0.74   0.910      7,691      61,207    0.13
Peritoneal           15,847     0.72   0.903     14,144      68,563    0.21
RAW264               15,699     0.72   0.913     13,253      67,744    0.20
SmallIntestinal      14,731     0.72   0.928      9,645      56,652    0.17
SpleenRecruited      17,245     0.72   0.928     15,041      75,868    0.20
SpleenResident       16,996     0.72   0.928     15,160      75,415    0.20
---------------------------------------------------------------------------
  median anchored threshold across 12 populations: 0.72  (target CDS recall 0.90; legacy fixed cut 0.5)
  spread: 0.70 - 0.74
  wrote /private/groups/carpenterlab/emalekos/RNAZoo_meta/RNAZoo/experiments/riboseq_signal_model/proteogenomics/data/macrophage_tissue/calib/attn_union/f0_calibration.json
  CDS-anchored threshold = 0.72   (legacy uncalibrated cut = 0.5)
--- DBs, arm 1: legacy 0.5 (isolates the checkpoint effect) ---
--- DBs, arm 2: CDS-anchored 0.72 (isolates the threshold effect) ---
  legacy job 35986629   calibrated job 35986630

=== DB SIZES (_attn_union) ===
  population            model@0.5   model@0.72         null
  BMDM                     229440       138878       488538
  Kupffer                  245034       142362       527934
  LargeIntestinal          224488       133662       492968
  LiverRecruited           253946       143760       562446
  LungRecruited            254758       143300       561596
  LungResident             235792       138830       507474
  Microglia                220796       131266       499532
  Peritoneal               229262       139290       484350
  RAW264                   226506       137502       476026
  SmallIntestinal          213264       131870       451474
  SpleenRecruited          242148       140916       522952
  SpleenResident           240184       140814       516706

NEXT (deliberate, 12 h/task): submit MSFragger for both arms -- DBLIST=model ONLY.
  The canonical and null searches are REUSED from the original untagged run:
    canonical  contains zero model content.
    null       VERIFIED 2026-07-31: target-SEQUENCE sets are byte-identical across checkpoints
               (BMDM 244,269 both). Only the ACCESSIONS differ (76,300 of them), because
               build_a549_dbs dedups by sequence and the f0 tie-break picks a different
               representative ORF id. Class-specific FDR keys on the shared nuORF| prefix,
               so the peptide-level result is unchanged. Do NOT skip this check on a rebuild
               that alters enumeration (min_aa, NOVEL_CLASSES, or the universe FASTA).
  TAG=_attn_union      DBLIST=model sbatch --array=0-11%6 /private/groups/carpenterlab/emalekos/RNAZoo_meta/RNAZoo/experiments/riboseq_signal_model/proteogenomics/scripts/macro_msf.sbatch
  TAG=_attn_union_cal DBLIST=model sbatch --array=0-11%6 /private/groups/carpenterlab/emalekos/RNAZoo_meta/RNAZoo/experiments/riboseq_signal_model/proteogenomics/scripts/macro_msf.sbatch
THEN:
  macro_churn_aggregate.py --tag _attn_union      --reuse-tag "" 
  macro_churn_aggregate.py --tag _attn_union_cal --reuse-tag "" 
=== chain _attn_union done 2026-07-31T20:21:55-07:00 ===
