=== chain _mamba4_union (dumps=35986517) start 2026-07-31T19:28:54-07:00 ===
dumps drained: 12/12 pred_profiles.npz
--- enumerate ---
  job 35986537
  candidates: 12/12
--- calibrate CDS-anchored pred_frame0 threshold ---
population          n_canon  thresh*  CDSrec  novel@th*   novel@0.5   ratio
---------------------------------------------------------------------------
BMDM                 15,908     0.72   0.940     18,784      73,614    0.26
Kupffer              17,497     0.72   0.928     21,158      80,917    0.26
LargeIntestinal      16,810     0.72   0.931     14,836      65,932    0.23
LiverRecruited       18,954     0.74   0.915     19,893      89,003    0.22
LungRecruited        18,782     0.74   0.909     18,481      87,266    0.21
LungResident         17,306     0.74   0.914     15,695      76,278    0.21
Microglia            15,610     0.74   0.930     11,325      66,555    0.17
Peritoneal           15,847     0.74   0.902     16,035      72,785    0.22
RAW264               15,699     0.74   0.903     15,232      71,872    0.21
SmallIntestinal      14,731     0.74   0.914     11,109      59,811    0.19
SpleenRecruited      17,245     0.74   0.907     18,078      80,904    0.22
SpleenResident       16,996     0.74   0.909     17,970      80,682    0.22
---------------------------------------------------------------------------
  median anchored threshold across 12 populations: 0.74  (target CDS recall 0.90; legacy fixed cut 0.5)
  spread: 0.72 - 0.74
  wrote /private/groups/carpenterlab/emalekos/RNAZoo_meta/RNAZoo/experiments/riboseq_signal_model/proteogenomics/data/macrophage_tissue/calib/mamba4_union/f0_calibration.json
  CDS-anchored threshold = 0.74   (legacy uncalibrated cut = 0.5)
--- DBs, arm 1: legacy 0.5 (isolates the checkpoint effect) ---
--- DBs, arm 2: CDS-anchored 0.74 (isolates the threshold effect) ---
  legacy job 35986549   calibrated job 35986550

=== DB SIZES (_mamba4_union) ===
  population            model@0.5   model@0.74         null
  BMDM                     234956       142122       488538
  Kupffer                  247660       145904       527934
  LargeIntestinal          226642       136708       492968
  LiverRecruited           261070       148966       562446
  LungRecruited            259286       146712       561596
  LungResident             240496       141870       507474
  Microglia                229062       134650       499532
  Peritoneal               234172       142150       484350
  RAW264                   231206       140508       476026
  SmallIntestinal          217188       134344       451474
  SpleenRecruited          248486       146044       522952
  SpleenResident           247232       145548       516706

NEXT (deliberate, 12 h/task): submit MSFragger for both arms
  TAG=_mamba4_union      DBLIST=model sbatch --array=0-11%6 /private/groups/carpenterlab/emalekos/RNAZoo_meta/RNAZoo/experiments/riboseq_signal_model/proteogenomics/scripts/macro_msf.sbatch
  TAG=_mamba4_union_cal DBLIST=model sbatch --array=0-11%6 /private/groups/carpenterlab/emalekos/RNAZoo_meta/RNAZoo/experiments/riboseq_signal_model/proteogenomics/scripts/macro_msf.sbatch
=== chain _mamba4_union done 2026-07-31T19:34:39-07:00 ===
