loading coverage for 30,974 universe transcripts...

===== mm1 vs mm20 RNA coverage (DoHH2 universe) =====
transcripts assessed (mm20 depth >=50): 30,950 / 30,974 universe
TOTAL coverage: mm1 1.354e+10  mm20 1.466e+10  ratio mm1/mm20 = 0.9236
per-tx Pearson(mm1,mm20): median 1.0000  mean 0.9756  p05 0.9364
  tx with Pearson >= 0.999: 26,530 (85.7%)
  tx with Pearson <  0.95 : 1,642 (5.3%)
per-tx depth ratio mm1/mm20: median 0.9991  tx where mm20 > 1.5x mm1 (multimap-inflated): 983 (3.2%)

-- 10 most-divergent transcripts (lowest Pearson) --
   ENST00000511074.1  pearson=-0.622  depth mm1=304 mm20=43928 (mm20/mm1=144.5x)
   ENST00000339647.6  pearson=-0.608  depth mm1=707712 mm20=5295376 (mm20/mm1=7.5x)
   ENST00000357495.5  pearson=-0.565  depth mm1=25384 mm20=1009128 (mm20/mm1=39.8x)
   ENST00000614386.1  pearson=-0.547  depth mm1=1824 mm20=35720 (mm20/mm1=19.6x)
   ENST00000534502.5  pearson=-0.499  depth mm1=3344 mm20=104120 (mm20/mm1=31.1x)
   ENST00000683187.1  pearson=-0.474  depth mm1=50008 mm20=1034056 (mm20/mm1=20.7x)
   ENST00000614064.4  pearson=-0.445  depth mm1=5168 mm20=38304 (mm20/mm1=7.4x)
   ENST00000355057.3  pearson=-0.441  depth mm1=912 mm20=8664 (mm20/mm1=9.5x)
   ENST00000411546.6  pearson=-0.432  depth mm1=4104 mm20=200336 (mm20/mm1=48.8x)
   ENST00000746434.1  pearson=-0.428  depth mm1=1520 mm20=45296 (mm20/mm1=29.8x)

wrote /private/groups/carpenterlab/emalekos/RNAZoo_meta/RNAZoo/experiments/riboseq_signal_model/proteogenomics/data/mm_proxy/coverage_mm_comparison.txt
wrote /private/groups/carpenterlab/emalekos/RNAZoo_meta/RNAZoo/experiments/riboseq_signal_model/proteogenomics/data/mm_proxy/coverage_mm_pertx.tsv (30,950 tx)
