=== post_predict DoHH2 (waiting on predict 35847557) 2026-07-20T11:00:41-07:00 ===
predict done. enumerate/score ORFs ...
transcripts with candidates: 30,838; candidate ORFs written: 896,596
by class: {'internal': 547248, 'dORF': 271548, 'lncRNA_orf': 35782, 'canonical': 25440, 'uORF': 16018, 'nterm_ext': 560}
-> /private/groups/carpenterlab/emalekos/RNAZoo_meta/RNAZoo/experiments/riboseq_signal_model/proteogenomics/data/DoHH2_pilot/orfs/candidates.tsv + candidates.faa
build model+null DBs ...
  wrote db_model.fasta: 220,309 target + 220,309 decoy = 440,618 seqs
  wrote db_null.fasta: 351,265 target + 351,265 decoy = 702,530 seqs

DBs + class maps in /private/groups/carpenterlab/emalekos/RNAZoo_meta/RNAZoo/experiments/riboseq_signal_model/proteogenomics/data/DoHH2_pilot/db
search=35847769  rescore=35847770 (afterok:35847769, array 0-5)
=== DoHH2 search+rescore cleared 2026-07-20T11:48:33-07:00 ===
  rescore/canonical: 2/2 reps
  rescore/model: 2/2 reps
  rescore/null: 2/2 reps
=== DoHH2 RESCORED model/null (raw baseline unknown until raw compare) ===
# DoHH2_pilot: MS2Rescore-rescored novel-peptide comparison

Novel peptides at 1% class-specific FDR on the **rescored mokapot score** (rank-1, novel-class target-decoy).

| DB | novel ORFs | novel peptides @1% class FDR (rescored) | rate (pep/1k ORFs) | canonical PSMs |
|----|---:|---:|---:|---:|
| canonical (baseline) | 0 | -- | -- | 6,791 |
| model | 59,663 | **25** | 0.42 | 6,706 |
| null | 190,619 | **28** | 0.15 | 6,633 |

## Discovery-rate ratios + overlap (rescored)

- **model/null: 2.85x** (model 25 pep / 59,663 ORFs vs null 28 / 190,619); overlap model-only 3 | shared 22 | null-only 6

## Canonical PSM churn (rescored)
- canonical 6,791 -> model 6,706 (+1.3%) ; null 6,633 (+2.3%)

wrote /private/groups/carpenterlab/emalekos/RNAZoo_meta/RNAZoo/experiments/riboseq_signal_model/proteogenomics/data/DoHH2_pilot/db_comparison_rescored.md
=== post_predict DoHH2 DONE 2026-07-20T11:48:55-07:00 ===
