=== SUDHL4 downstream (self-contained) 2026-07-20T16:01:24-07:00 ===
wrote /private/groups/carpenterlab/emalekos/RNAZoo_meta/RNAZoo/experiments/riboseq_signal_model/proteogenomics/data/SUDHL4_pilot/SUDHL4_universe.fa
wrote /private/groups/carpenterlab/emalekos/RNAZoo_meta/RNAZoo/experiments/riboseq_signal_model/data/packed_heldout_human_sudhl4/  global_mean_coverage=207.358
  transcripts=33,610  sum_L=82,297,904  target_total=0  coverage_total=17,065,154,000  scorable(>=50 psites)=0
wrote /private/groups/carpenterlab/emalekos/RNAZoo_meta/RNAZoo/experiments/riboseq_signal_model/data/packed_heldout_human_sudhl4/orf_track_v2.npy (82297904, 5) float16 (823 MB); means {'orf_f0': 0.37461756012644015, 'orf_f1': 0.3682915545455447, 'orf_f2': 0.3698722387875152, 'start_ext': 0.04060620212416042, 'is_stop': 0.041693868655512785}
SUDHL4 predict submitted: 35858322
=== post_predict SUDHL4 (waiting on predict 35858322) 2026-07-20T16:02:56-07:00 ===
predict done. enumerate/score ORFs ...
transcripts with candidates: 33,436; candidate ORFs written: 975,776
by class: {'internal': 596150, 'dORF': 291397, 'lncRNA_orf': 41108, 'canonical': 27449, 'uORF': 18998, 'nterm_ext': 674}
-> /private/groups/carpenterlab/emalekos/RNAZoo_meta/RNAZoo/experiments/riboseq_signal_model/proteogenomics/data/SUDHL4_pilot/orfs/candidates.tsv + candidates.faa
build model+null DBs ...
  wrote db_model.fasta: 228,347 target + 228,347 decoy = 456,694 seqs
  wrote db_null.fasta: 365,687 target + 365,687 decoy = 731,374 seqs

DBs + class maps in /private/groups/carpenterlab/emalekos/RNAZoo_meta/RNAZoo/experiments/riboseq_signal_model/proteogenomics/data/SUDHL4_pilot/db
search=35858675  rescore=35858676 (afterok:35858675, array 0-5)
=== SUDHL4 search+rescore cleared 2026-07-20T16:40:44-07:00 ===
  rescore/canonical: 2/2 reps
  rescore/model: 2/2 reps
  rescore/null: 2/2 reps
=== SUDHL4 RESCORED model/null (raw baseline unknown until raw compare) ===
# SUDHL4_pilot: MS2Rescore-rescored novel-peptide comparison

Novel peptides at 1% class-specific FDR on the **rescored mokapot score** (rank-1, novel-class target-decoy).

| DB | novel ORFs | novel peptides @1% class FDR (rescored) | rate (pep/1k ORFs) | canonical PSMs |
|----|---:|---:|---:|---:|
| canonical (baseline) | 0 | -- | -- | 5,017 |
| model | 67,701 | **1** | 0.01 | 3,872 |
| null | 205,041 | **23** | 0.11 | 4,746 |

## Discovery-rate ratios + overlap (rescored)

- **model/null: 0.13x** (model 1 pep / 67,701 ORFs vs null 23 / 205,041); overlap model-only 1 | shared 0 | null-only 23

## Canonical PSM churn (rescored)
- canonical 5,017 -> model 3,872 (+22.8%) ; null 4,746 (+5.4%)

wrote /private/groups/carpenterlab/emalekos/RNAZoo_meta/RNAZoo/experiments/riboseq_signal_model/proteogenomics/data/SUDHL4_pilot/db_comparison_rescored.md
=== post_predict SUDHL4 DONE 2026-07-20T16:40:53-07:00 ===
