  BMDM done
  Kupffer done
  LargeIntestinal done
  LiverRecruited done
  LungRecruited done
  LungResident done
  Microglia done
  Peritoneal done
  RAW264 done
  SmallIntestinal done
  SpleenRecruited done
  SpleenResident done
wrote /private/groups/carpenterlab/emalekos/RNAZoo_meta/RNAZoo/experiments/riboseq_signal_model/proteogenomics/data/macrophage_tissue/table_mamba4_union_cal.md

| population | novel | null | DB seqs | null seqs | canon base | dPC model | dPC null | ncStart |
|---|--:|--:|--:|--:|--:|--:|--:|--:|
| BMDM | 42 | 41 | 13,835 | 187,043 | 55,156 | -162 | -1,814 | 0 |
| Kupffer | 20 | 31 | 15,726 | 206,741 | 53,442 | -589 | -1,529 | 0 |
| LargeIntestinal | 40 | 31 | 11,128 | 189,258 | 52,907 | -142 | -542 | 0 |
| LiverRecruited | 42 | 23 | 17,257 | 223,997 | 55,227 | -239 | -2,033 | 0 |
| LungRecruited | 35 | 38 | 16,130 | 223,572 | 44,378 | -144 | -1,660 | 0 |
| LungResident | 42 | 29 | 13,709 | 196,511 | 70,271 | -230 | -2,275 | 0 |
| Microglia | 20 | 16 | 10,099 | 192,540 | 46,674 | -120 | -1,341 | 0 |
| Peritoneal | 39 | 30 | 13,849 | 184,949 | 55,827 | -1,155 | -2,626 | 0 |
| RAW264 | 51 | 45 | 13,028 | 180,787 | 61,708 | -1,730 | -2,659 | 0 |
| SmallIntestinal | 45 | 40 | 9,946 | 168,511 | 54,335 | -92 | -1,429 | 0 |
| SpleenRecruited | 40 | 29 | 15,796 | 204,250 | 44,493 | -94 | +957 | 0 |
| SpleenResident | 45 | 21 | 15,548 | 201,127 | 47,217 | -128 | -1,230 | 0 |
| **TOTAL (12 pop)** | **461** | **374** | 166,051 | 2,359,286 | 641,635 | **-4,825** | **-18,181** | **0** |

`novel` / `null` = unique novel peptides at 1% CLASS-SPECIFIC FDR (vs REV_nuORF| decoys only).
`canon base` = canonical peptides from the canonical-ONLY DB at 1% GLOBAL FDR; `dPC` = change
vs that baseline. Both arms' dPC are shown so a database-SIZE effect can be told apart from a
database-QUALITY effect: canonical IDs can be lost purely because the search space grew.
`ncStart` = model peptides passing FDR that appear NOWHERE in the null DB's amino-acid space
(substring scan). Expected mechanism is a non-canonical start codon extending the ORF past the
first in-frame AUG.

**ncStart is structurally 0 until enumeration supports non-AUG starts.**
`enumerate_score_orfs.candidate_orfs()` matches `is_atg = (c0==A)&(c1==T)&(c2==G)` only
(verified: 400,000/400,000 BMDM candidates begin ATG), and db_model is a strict SUBSET of
db_null, so no model peptide can be missing from the null space. The column is COMPUTED, not
assumed, so it goes live automatically when non-AUG enumeration lands.

