    scored BMDM: 42 novel peptides @1% class FDR
    scored Kupffer: 20 novel peptides @1% class FDR
    scored LargeIntestinal: 40 novel peptides @1% class FDR
    scored LiverRecruited: 42 novel peptides @1% class FDR
    scored LungRecruited: 35 novel peptides @1% class FDR
    scored LungResident: 42 novel peptides @1% class FDR
    scored Microglia: 20 novel peptides @1% class FDR
    scored Peritoneal: 39 novel peptides @1% class FDR
    scored RAW264: 51 novel peptides @1% class FDR
    scored SmallIntestinal: 45 novel peptides @1% class FDR
    scored SpleenRecruited: 40 novel peptides @1% class FDR
    scored SpleenResident: 45 novel peptides @1% class FDR
macrophage type-specificity report   tag=_mamba4_union_cal   populations=12

  === 1. EXPRESSED UNIVERSE (from each type's own RNA-seq) ===
  union across 12 populations: 41,821   core (in all 12): 10,816 (25.9% of union)
  population            total     core   unique  % unique
  -------------------------------------------------------
  BMDM                 21,393   10,816      318      1.5%
  Kupffer              23,640   10,816      654      2.8%
  LargeIntestinal      20,753   10,816      529      2.5%
  LiverRecruited       26,145   10,816      930      3.6%
  LungRecruited        25,158   10,816      973      3.9%
  LungResident         22,634   10,816      404      1.8%
  Microglia            19,114   10,816    1,299      6.8%
  Peritoneal           21,125   10,816      300      1.4%
  RAW264               21,565   10,816    1,493      6.9%
  SmallIntestinal      18,102   10,816       72      0.4%
  SpleenRecruited      24,155   10,816      952      3.9%
  SpleenResident       24,178   10,816    1,114      4.6%

  === 2. MODEL-SELECTED NOVEL ORF SEQUENCES ===
  union across 12 populations: 51,066   core (in all 12): 2,049 (4.0% of union)
  population            total     core   unique  % unique
  -------------------------------------------------------
  BMDM                 13,835    2,049    1,238      8.9%
  Kupffer              15,726    2,049    1,972     12.5%
  LargeIntestinal      11,128    2,049    1,288     11.6%
  LiverRecruited       17,257    2,049    2,610     15.1%
  LungRecruited        16,130    2,049    2,342     14.5%
  LungResident         13,709    2,049    1,579     11.5%
  Microglia            10,099    2,049    2,037     20.2%
  Peritoneal           13,849    2,049    1,344      9.7%
  RAW264               13,028    2,049    2,816     21.6%
  SmallIntestinal       9,946    2,049      661      6.6%
  SpleenRecruited      15,796    2,049    2,343     14.8%
  SpleenResident       15,548    2,049    2,529     16.3%

  === 3. DETECTED NOVEL PEPTIDES (1% class-specific FDR) ===
  union across 12 populations: 155   core (in all 12): 3 (1.9% of union)
  population            total     core   unique  % unique
  -------------------------------------------------------
  BMDM                     42        3        8     19.0%
  Kupffer                  20        3        0      0.0%
  LargeIntestinal          40        3       13     32.5%
  LiverRecruited           42        3        3      7.1%
  LungRecruited            35        3        4     11.4%
  LungResident             42        3       11     26.2%
  Microglia                20        3        5     25.0%
  Peritoneal               39        3        7     17.9%
  RAW264                   51        3       22     43.1%
  SmallIntestinal          45        3        6     13.3%
  SpleenRecruited          40        3        5     12.5%
  SpleenResident           45        3        6     13.3%

  === 3b. Are 'unique' peptides biology or database artefact? ===
  For peptides detected in exactly ONE population: how many OTHER populations carried that
  sequence in their search DB but did not detect it? High = real biological specificity.
  population         unique pep  searchable elsewhere  DB-limited
  ---------------------------------------------------------------
  BMDM                        8                     0           8
  Kupffer                     0                     0           0
  LargeIntestinal            13                     1          12
  LiverRecruited              3                     0           3
  LungRecruited               4                     0           4
  LungResident               11                     0          11
  Microglia                   5                     0           5
  Peritoneal                  7                     1           6
  RAW264                     22                     1          21
  SmallIntestinal             6                     1           5
  SpleenRecruited             5                     0           5
  SpleenResident              6                     0           6
  ---------------------------------------------------------------
  TOTAL                      90                     4          86

  4% of population-unique peptides were searchable in at least one other population's DB and still not found there,
  i.e. genuine detection specificity rather than a database-coverage artefact.
