adopting SRR34449471_2.fastq.gz from scratch
=== SRR34449471  Liver, 3 Months, Rep 9  59685306 reads
  fetching SRR34449471_1.fastq.gz  try 1  (12:57:32) ...
  transfer failed
  backing off 15s
  fetching SRR34449471_1.fastq.gz  try 2  (12:59:33) ...
  OK  SRR34449471_1.fastq.gz  2.9G  md5 verified
  OK (cached)  SRR34449471_2.fastq.gz  md5 verified
  screen run complete -> submitting salmon gate (continuing downloads in parallel)
Submitted batch job 35985959
=== SRR34449553  Liver, 3 Months, Rep 14  58033709 reads
  fetching SRR34449553_1.fastq.gz  try 1  (13:05:33) ...
  transfer failed
  backing off 15s
  fetching SRR34449553_1.fastq.gz  try 2  (13:10:09) ...
  transfer failed
  backing off 60s
  fetching SRR34449553_1.fastq.gz  try 3  (13:14:32) ...
  transfer failed
  backing off 135s
  fetching SRR34449553_1.fastq.gz  try 4  (13:20:44) ...
  transfer failed
  backing off 240s
  fetching SRR34449553_1.fastq.gz  try 5  (13:28:15) ...
  transfer failed
  backing off 375s
  GIVING UP on SRR34449553_1.fastq.gz after 5 tries
  fetching SRR34449553_2.fastq.gz  try 1  (13:38:36) ...
  transfer failed
  backing off 15s
  fetching SRR34449553_2.fastq.gz  try 2  (13:44:42) ...
  transfer failed
  backing off 60s
  fetching SRR34449553_2.fastq.gz  try 3  (13:52:25) ...
  transfer failed
  backing off 135s
  fetching SRR34449553_2.fastq.gz  try 4  (13:55:55) ...
  OK  SRR34449553_2.fastq.gz  2.8G  md5 verified
=== SRR34449454  Liver, 3 Months, Rep 16  51662456 reads
  fetching SRR34449454_1.fastq.gz  try 1  (14:00:30) ...
  OK  SRR34449454_1.fastq.gz  2.5G  md5 verified
  fetching SRR34449454_2.fastq.gz  try 1  (14:04:59) ...
  transfer failed
  backing off 15s
  fetching SRR34449454_2.fastq.gz  try 2  (14:08:05) ...
  transfer failed
  backing off 60s
  fetching SRR34449454_2.fastq.gz  try 3  (14:12:02) ...
  transfer failed
  backing off 135s
  fetching SRR34449454_2.fastq.gz  try 4  (14:15:01) ...
  OK  SRR34449454_2.fastq.gz  2.5G  md5 verified
=== SRR34449569  Liver, 3 Months, Rep 10  49950285 reads
  fetching SRR34449569_1.fastq.gz  try 1  (14:26:55) ...
  transfer failed
  backing off 15s
  fetching SRR34449569_1.fastq.gz  try 2  (14:27:53) ...
  transfer failed
  backing off 60s
  fetching SRR34449569_1.fastq.gz  try 3  (14:31:02) ...
  transfer failed
  backing off 135s
  fetching SRR34449569_1.fastq.gz  try 4  (14:34:11) ...
  transfer failed
  backing off 240s
  fetching SRR34449569_1.fastq.gz  try 5  (14:45:34) ...
  OK  SRR34449569_1.fastq.gz  2.4G  md5 verified
  fetching SRR34449569_2.fastq.gz  try 1  (14:53:06) ...
  OK  SRR34449569_2.fastq.gz  2.5G  md5 verified

===== MANIFEST =====
run          sample_title             read_count  file                    bytes       md5                               status
SRR34449471  Liver, 3 Months, Rep 9   59685306    SRR34449471_1.fastq.gz  3024294023  5848e4f4484be07fc08e8e71676955c4  verified
SRR34449471  Liver, 3 Months, Rep 9   59685306    SRR34449471_2.fastq.gz  3131717814  ac1abb81e646431a3d6d3b4517f76cae  verified
SRR34449553  Liver, 3 Months, Rep 14  58033709    SRR34449553_1.fastq.gz  2912035829  1a91bba74b54c9ec0f5dbcee8196d134  FAILED
SRR34449553  Liver, 3 Months, Rep 14  58033709    SRR34449553_2.fastq.gz  2978499189  128e73d9e1f52814f080c6cb27e9b8b8  verified
SRR34449454  Liver, 3 Months, Rep 16  51662456    SRR34449454_1.fastq.gz  2580759374  efa55e881cd14784e0363b45cc0f2513  verified
SRR34449454  Liver, 3 Months, Rep 16  51662456    SRR34449454_2.fastq.gz  2666255478  7bbfabb39be7a6f21953a333face7422  verified
SRR34449569  Liver, 3 Months, Rep 10  49950285    SRR34449569_1.fastq.gz  2533454386  0fd76f21dc54d60a695f57b210a02b18  verified
SRR34449569  Liver, 3 Months, Rep 10  49950285    SRR34449569_2.fastq.gz  2617448247  0804d0f000584fab5a40a30a0234380a  verified

verified: 7  failed: 1
19G	/private/groups/carpenterlab/emalekos/RNAZoo_meta/RNAZoo/experiments/riboseq_signal_model/data/external/mouse_liver_polya_rnaseq/fastq
